// Jest Snapshot v1, https://goo.gl/fbAQLP

exports[`<CategoryId /> match the snapshot 1`] = `
{
  "asFragment": [Function],
  "baseElement": <body
    style=""
  >
    <div>
      <div
        class="MuiContainer-root MuiContainer-maxWidthXs ProductsPage-root css-1gbg9pz-MuiContainer-root"
      >
        <div
          class="ProductsPage-title"
        >
          <h2
            class="MuiTypography-root MuiTypography-h2 ProductsPage-title-text css-o2za6n-MuiTypography-root"
          >
            Produce
          </h2>
          <button
            class="MuiButtonBase-root MuiIconButton-root MuiIconButton-colorIcon MuiIconButton-sizeMedium css-aixiz9-MuiButtonBase-root-MuiIconButton-root"
            tabindex="0"
            type="button"
          >
            <svg
              aria-hidden="true"
              class="MuiSvgIcon-root MuiSvgIcon-fontSizeMedium css-1umw9bq-MuiSvgIcon-root"
              data-testid="EditIcon"
              focusable="false"
              viewBox="0 0 24 24"
            >
              <path
                d="M3 17.25V21h3.75L17.81 9.94l-3.75-3.75zM20.71 7.04c.39-.39.39-1.02 0-1.41l-2.34-2.34a.996.996 0 0 0-1.41 0l-1.83 1.83 3.75 3.75z"
              />
            </svg>
          </button>
          <button
            class="MuiButtonBase-root MuiIconButton-root MuiIconButton-colorIcon MuiIconButton-sizeMedium css-aixiz9-MuiButtonBase-root-MuiIconButton-root"
            tabindex="0"
            type="button"
          >
            <svg
              aria-hidden="true"
              class="MuiSvgIcon-root MuiSvgIcon-fontSizeMedium css-1umw9bq-MuiSvgIcon-root"
              data-testid="DeleteIcon"
              focusable="false"
              viewBox="0 0 24 24"
            >
              <path
                d="M6 19c0 1.1.9 2 2 2h8c1.1 0 2-.9 2-2V7H6zM19 4h-3.5l-1-1h-5l-1 1H5v2h14z"
              />
            </svg>
          </button>
        </div>
        <div>
          <h6
            class="MuiTypography-root MuiTypography-h6 css-1miy0lu-MuiTypography-root"
          />
        </div>
        <hr />
        <div
          class="InputProduct-root css-1rznzry"
        >
          <h6
            class="MuiTypography-root MuiTypography-h6 css-1miy0lu-MuiTypography-root"
          >
            Carrots
          </h6>
          <div
            class="MuiFormControl-root MuiFormControl-fullWidth InputProduct-form-control css-ytlejw-MuiFormControl-root"
          >
            <form>
              <span
                class="InputProduct-inner-form-control"
              >
                <div
                  class="MuiFormControl-root MuiFormControl-fullWidth MuiTextField-root InputProduct-textfield css-cmpglg-MuiFormControl-root-MuiTextField-root"
                >
                  <label
                    class="MuiFormLabel-root MuiInputLabel-root MuiInputLabel-formControl MuiInputLabel-animated MuiInputLabel-shrink MuiInputLabel-sizeMedium MuiInputLabel-standard MuiFormLabel-colorPrimary MuiFormLabel-filled MuiInputLabel-root MuiInputLabel-formControl MuiInputLabel-animated MuiInputLabel-shrink MuiInputLabel-sizeMedium MuiInputLabel-standard css-1ew92b2-MuiFormLabel-root-MuiInputLabel-root"
                    data-shrink="true"
                    for="Carrotscurrent"
                    id="Carrotscurrent-label"
                  >
                    Current
                  </label>
                  <div
                    class="MuiInputBase-root MuiInput-root MuiInput-underline MuiInputBase-colorPrimary MuiInputBase-fullWidth MuiInputBase-formControl css-6h9cc6-MuiInputBase-root-MuiInput-root"
                  >
                    <input
                      aria-invalid="false"
                      class="MuiInputBase-input MuiInput-input css-1yrc8ca-MuiInputBase-input-MuiInput-input"
                      id="Carrotscurrent"
                      name="currentAmount"
                      type="text"
                      value="6"
                    />
                  </div>
                </div>
              </span>
              <span
                class="InputProduct-inner-form-control"
              >
                <div
                  class="MuiInputBase-root MuiInput-root MuiInput-underline MuiInputBase-colorPrimary MuiInputBase-formControl InputProduct-select-unit css-j218zi-MuiInputBase-root-MuiInput-root-MuiSelect-root"
                  data-testid="button"
                >
                  <div
                    aria-controls=":r1a:"
                    aria-expanded="false"
                    aria-haspopup="listbox"
                    aria-labelledby="CarrotslabelID-select Carrotsselect"
                    class="MuiSelect-select MuiSelect-standard MuiInputBase-input MuiInput-input css-5lvf42-MuiSelect-select-MuiInputBase-input-MuiInput-input"
                    id="Carrotsselect"
                    role="combobox"
                    tabindex="0"
                  >
                    ea
                  </div>
                  <input
                    aria-hidden="true"
                    aria-invalid="false"
                    class="MuiSelect-nativeInput css-j0riat-MuiSelect-nativeInput"
                    name="selectUnit"
                    tabindex="-1"
                    value="ea"
                  />
                  <svg
                    aria-hidden="true"
                    class="MuiSvgIcon-root MuiSvgIcon-fontSizeMedium MuiSelect-icon MuiSelect-iconStandard css-1gpuzre-MuiSvgIcon-root-MuiSelect-icon"
                    data-testid="ArrowDropDownIcon"
                    focusable="false"
                    viewBox="0 0 24 24"
                  >
                    <path
                      d="M7 10l5 5 5-5z"
                    />
                  </svg>
                </div>
              </span>
            </form>
            <div
              class="InputProduct-box MuiBox-root css-w56oqh"
            >
              <span
                class="MuiTypography-root MuiTypography-caption InputProduct-last-amount-name css-du86ev-MuiTypography-root"
              >
                Last
              </span>
              <p
                class="MuiTypography-root MuiTypography-body1 MuiTypography-alignLeft InputProduct-last-amount-value css-1j3qii7-MuiTypography-root"
                style="--Typography-textAlign: left;"
              >
                5
              </p>
            </div>
            <button
              class="MuiButtonBase-root MuiIconButton-root MuiIconButton-colorIcon MuiIconButton-sizeMedium css-aixiz9-MuiButtonBase-root-MuiIconButton-root"
              tabindex="0"
              type="button"
            >
              <svg
                aria-hidden="true"
                class="MuiSvgIcon-root MuiSvgIcon-fontSizeMedium css-1umw9bq-MuiSvgIcon-root"
                data-testid="SettingsIcon"
                focusable="false"
                viewBox="0 0 24 24"
              >
                <path
                  d="M19.14 12.94c.04-.3.06-.61.06-.94 0-.32-.02-.64-.07-.94l2.03-1.58c.18-.14.23-.41.12-.61l-1.92-3.32c-.12-.22-.37-.29-.59-.22l-2.39.96c-.5-.38-1.03-.7-1.62-.94l-.36-2.54c-.04-.24-.24-.41-.48-.41h-3.84c-.24 0-.43.17-.47.41l-.36 2.54c-.59.24-1.13.57-1.62.94l-2.39-.96c-.22-.08-.47 0-.59.22L2.74 8.87c-.12.21-.08.47.12.61l2.03 1.58c-.05.3-.09.63-.09.94s.02.64.07.94l-2.03 1.58c-.18.14-.23.41-.12.61l1.92 3.32c.12.22.37.29.59.22l2.39-.96c.5.38 1.03.7 1.62.94l.36 2.54c.05.24.24.41.48.41h3.84c.24 0 .44-.17.47-.41l.36-2.54c.59-.24 1.13-.56 1.62-.94l2.39.96c.22.08.47 0 .59-.22l1.92-3.32c.12-.22.07-.47-.12-.61zM12 15.6c-1.98 0-3.6-1.62-3.6-3.6s1.62-3.6 3.6-3.6 3.6 1.62 3.6 3.6-1.62 3.6-3.6 3.6"
                />
              </svg>
            </button>
          </div>
        </div>
        <button
          class="MuiButtonBase-root MuiButton-root MuiButton-contained MuiButton-containedPrimary MuiButton-sizeMedium MuiButton-containedSizeMedium MuiButton-colorPrimary MuiButton-root MuiButton-contained MuiButton-containedPrimary MuiButton-sizeMedium MuiButton-containedSizeMedium MuiButton-colorPrimary ProductsPage-button css-1abvrni-MuiButtonBase-root-MuiButton-root"
          tabindex="0"
          type="button"
        >
          Next Category
        </button>
        <button
          class="MuiButtonBase-root MuiButton-root MuiButton-contained MuiButton-containedPrimary MuiButton-sizeMedium MuiButton-containedSizeMedium MuiButton-colorPrimary MuiButton-root MuiButton-contained MuiButton-containedPrimary MuiButton-sizeMedium MuiButton-containedSizeMedium MuiButton-colorPrimary ProductsPage-button css-1abvrni-MuiButtonBase-root-MuiButton-root"
          tabindex="0"
          type="button"
        >
          Add New Product
        </button>
      </div>
    </div>
  </body>,
  "container": <div>
    <div
      class="MuiContainer-root MuiContainer-maxWidthXs ProductsPage-root css-1gbg9pz-MuiContainer-root"
    >
      <div
        class="ProductsPage-title"
      >
        <h2
          class="MuiTypography-root MuiTypography-h2 ProductsPage-title-text css-o2za6n-MuiTypography-root"
        >
          Produce
        </h2>
        <button
          class="MuiButtonBase-root MuiIconButton-root MuiIconButton-colorIcon MuiIconButton-sizeMedium css-aixiz9-MuiButtonBase-root-MuiIconButton-root"
          tabindex="0"
          type="button"
        >
          <svg
            aria-hidden="true"
            class="MuiSvgIcon-root MuiSvgIcon-fontSizeMedium css-1umw9bq-MuiSvgIcon-root"
            data-testid="EditIcon"
            focusable="false"
            viewBox="0 0 24 24"
          >
            <path
              d="M3 17.25V21h3.75L17.81 9.94l-3.75-3.75zM20.71 7.04c.39-.39.39-1.02 0-1.41l-2.34-2.34a.996.996 0 0 0-1.41 0l-1.83 1.83 3.75 3.75z"
            />
          </svg>
        </button>
        <button
          class="MuiButtonBase-root MuiIconButton-root MuiIconButton-colorIcon MuiIconButton-sizeMedium css-aixiz9-MuiButtonBase-root-MuiIconButton-root"
          tabindex="0"
          type="button"
        >
          <svg
            aria-hidden="true"
            class="MuiSvgIcon-root MuiSvgIcon-fontSizeMedium css-1umw9bq-MuiSvgIcon-root"
            data-testid="DeleteIcon"
            focusable="false"
            viewBox="0 0 24 24"
          >
            <path
              d="M6 19c0 1.1.9 2 2 2h8c1.1 0 2-.9 2-2V7H6zM19 4h-3.5l-1-1h-5l-1 1H5v2h14z"
            />
          </svg>
        </button>
      </div>
      <div>
        <h6
          class="MuiTypography-root MuiTypography-h6 css-1miy0lu-MuiTypography-root"
        />
      </div>
      <hr />
      <div
        class="InputProduct-root css-1rznzry"
      >
        <h6
          class="MuiTypography-root MuiTypography-h6 css-1miy0lu-MuiTypography-root"
        >
          Carrots
        </h6>
        <div
          class="MuiFormControl-root MuiFormControl-fullWidth InputProduct-form-control css-ytlejw-MuiFormControl-root"
        >
          <form>
            <span
              class="InputProduct-inner-form-control"
            >
              <div
                class="MuiFormControl-root MuiFormControl-fullWidth MuiTextField-root InputProduct-textfield css-cmpglg-MuiFormControl-root-MuiTextField-root"
              >
                <label
                  class="MuiFormLabel-root MuiInputLabel-root MuiInputLabel-formControl MuiInputLabel-animated MuiInputLabel-shrink MuiInputLabel-sizeMedium MuiInputLabel-standard MuiFormLabel-colorPrimary MuiFormLabel-filled MuiInputLabel-root MuiInputLabel-formControl MuiInputLabel-animated MuiInputLabel-shrink MuiInputLabel-sizeMedium MuiInputLabel-standard css-1ew92b2-MuiFormLabel-root-MuiInputLabel-root"
                  data-shrink="true"
                  for="Carrotscurrent"
                  id="Carrotscurrent-label"
                >
                  Current
                </label>
                <div
                  class="MuiInputBase-root MuiInput-root MuiInput-underline MuiInputBase-colorPrimary MuiInputBase-fullWidth MuiInputBase-formControl css-6h9cc6-MuiInputBase-root-MuiInput-root"
                >
                  <input
                    aria-invalid="false"
                    class="MuiInputBase-input MuiInput-input css-1yrc8ca-MuiInputBase-input-MuiInput-input"
                    id="Carrotscurrent"
                    name="currentAmount"
                    type="text"
                    value="6"
                  />
                </div>
              </div>
            </span>
            <span
              class="InputProduct-inner-form-control"
            >
              <div
                class="MuiInputBase-root MuiInput-root MuiInput-underline MuiInputBase-colorPrimary MuiInputBase-formControl InputProduct-select-unit css-j218zi-MuiInputBase-root-MuiInput-root-MuiSelect-root"
                data-testid="button"
              >
                <div
                  aria-controls=":r1a:"
                  aria-expanded="false"
                  aria-haspopup="listbox"
                  aria-labelledby="CarrotslabelID-select Carrotsselect"
                  class="MuiSelect-select MuiSelect-standard MuiInputBase-input MuiInput-input css-5lvf42-MuiSelect-select-MuiInputBase-input-MuiInput-input"
                  id="Carrotsselect"
                  role="combobox"
                  tabindex="0"
                >
                  ea
                </div>
                <input
                  aria-hidden="true"
                  aria-invalid="false"
                  class="MuiSelect-nativeInput css-j0riat-MuiSelect-nativeInput"
                  name="selectUnit"
                  tabindex="-1"
                  value="ea"
                />
                <svg
                  aria-hidden="true"
                  class="MuiSvgIcon-root MuiSvgIcon-fontSizeMedium MuiSelect-icon MuiSelect-iconStandard css-1gpuzre-MuiSvgIcon-root-MuiSelect-icon"
                  data-testid="ArrowDropDownIcon"
                  focusable="false"
                  viewBox="0 0 24 24"
                >
                  <path
                    d="M7 10l5 5 5-5z"
                  />
                </svg>
              </div>
            </span>
          </form>
          <div
            class="InputProduct-box MuiBox-root css-w56oqh"
          >
            <span
              class="MuiTypography-root MuiTypography-caption InputProduct-last-amount-name css-du86ev-MuiTypography-root"
            >
              Last
            </span>
            <p
              class="MuiTypography-root MuiTypography-body1 MuiTypography-alignLeft InputProduct-last-amount-value css-1j3qii7-MuiTypography-root"
              style="--Typography-textAlign: left;"
            >
              5
            </p>
          </div>
          <button
            class="MuiButtonBase-root MuiIconButton-root MuiIconButton-colorIcon MuiIconButton-sizeMedium css-aixiz9-MuiButtonBase-root-MuiIconButton-root"
            tabindex="0"
            type="button"
          >
            <svg
              aria-hidden="true"
              class="MuiSvgIcon-root MuiSvgIcon-fontSizeMedium css-1umw9bq-MuiSvgIcon-root"
              data-testid="SettingsIcon"
              focusable="false"
              viewBox="0 0 24 24"
            >
              <path
                d="M19.14 12.94c.04-.3.06-.61.06-.94 0-.32-.02-.64-.07-.94l2.03-1.58c.18-.14.23-.41.12-.61l-1.92-3.32c-.12-.22-.37-.29-.59-.22l-2.39.96c-.5-.38-1.03-.7-1.62-.94l-.36-2.54c-.04-.24-.24-.41-.48-.41h-3.84c-.24 0-.43.17-.47.41l-.36 2.54c-.59.24-1.13.57-1.62.94l-2.39-.96c-.22-.08-.47 0-.59.22L2.74 8.87c-.12.21-.08.47.12.61l2.03 1.58c-.05.3-.09.63-.09.94s.02.64.07.94l-2.03 1.58c-.18.14-.23.41-.12.61l1.92 3.32c.12.22.37.29.59.22l2.39-.96c.5.38 1.03.7 1.62.94l.36 2.54c.05.24.24.41.48.41h3.84c.24 0 .44-.17.47-.41l.36-2.54c.59-.24 1.13-.56 1.62-.94l2.39.96c.22.08.47 0 .59-.22l1.92-3.32c.12-.22.07-.47-.12-.61zM12 15.6c-1.98 0-3.6-1.62-3.6-3.6s1.62-3.6 3.6-3.6 3.6 1.62 3.6 3.6-1.62 3.6-3.6 3.6"
              />
            </svg>
          </button>
        </div>
      </div>
      <button
        class="MuiButtonBase-root MuiButton-root MuiButton-contained MuiButton-containedPrimary MuiButton-sizeMedium MuiButton-containedSizeMedium MuiButton-colorPrimary MuiButton-root MuiButton-contained MuiButton-containedPrimary MuiButton-sizeMedium MuiButton-containedSizeMedium MuiButton-colorPrimary ProductsPage-button css-1abvrni-MuiButtonBase-root-MuiButton-root"
        tabindex="0"
        type="button"
      >
        Next Category
      </button>
      <button
        class="MuiButtonBase-root MuiButton-root MuiButton-contained MuiButton-containedPrimary MuiButton-sizeMedium MuiButton-containedSizeMedium MuiButton-colorPrimary MuiButton-root MuiButton-contained MuiButton-containedPrimary MuiButton-sizeMedium MuiButton-containedSizeMedium MuiButton-colorPrimary ProductsPage-button css-1abvrni-MuiButtonBase-root-MuiButton-root"
        tabindex="0"
        type="button"
      >
        Add New Product
      </button>
    </div>
  </div>,
  "debug": [Function],
  "findAllByAltText": [Function],
  "findAllByDisplayValue": [Function],
  "findAllByLabelText": [Function],
  "findAllByPlaceholderText": [Function],
  "findAllByRole": [Function],
  "findAllByTestId": [Function],
  "findAllByText": [Function],
  "findAllByTitle": [Function],
  "findByAltText": [Function],
  "findByDisplayValue": [Function],
  "findByLabelText": [Function],
  "findByPlaceholderText": [Function],
  "findByRole": [Function],
  "findByTestId": [Function],
  "findByText": [Function],
  "findByTitle": [Function],
  "getAllByAltText": [Function],
  "getAllByDisplayValue": [Function],
  "getAllByLabelText": [Function],
  "getAllByPlaceholderText": [Function],
  "getAllByRole": [Function],
  "getAllByTestId": [Function],
  "getAllByText": [Function],
  "getAllByTitle": [Function],
  "getByAltText": [Function],
  "getByDisplayValue": [Function],
  "getByLabelText": [Function],
  "getByPlaceholderText": [Function],
  "getByRole": [Function],
  "getByTestId": [Function],
  "getByText": [Function],
  "getByTitle": [Function],
  "queryAllByAltText": [Function],
  "queryAllByDisplayValue": [Function],
  "queryAllByLabelText": [Function],
  "queryAllByPlaceholderText": [Function],
  "queryAllByRole": [Function],
  "queryAllByTestId": [Function],
  "queryAllByText": [Function],
  "queryAllByTitle": [Function],
  "queryByAltText": [Function],
  "queryByDisplayValue": [Function],
  "queryByLabelText": [Function],
  "queryByPlaceholderText": [Function],
  "queryByRole": [Function],
  "queryByTestId": [Function],
  "queryByText": [Function],
  "queryByTitle": [Function],
  "rerender": [Function],
  "unmount": [Function],
}
`;
